! [rejected]        master -> master (non-fast-forward)
error: failed to push some refs to 'https://github.com/kirankumarb123/git_public.git'

Hello@DESKTOP-L7J6R2C MINGW64 ~/Desktop/git (master)
$ touch file3

Hello@DESKTOP-L7J6R2C MINGW64 ~/Desktop/git (master)
$ vi file3

Hello@DESKTOP-L7J6R2C MINGW64 ~/Desktop/git (master)
$ git add file3
warning: in the working copy of 'file3', LF will be replaced by CRLF the next time Git touches it

Hello@DESKTOP-L7J6R2C MINGW64 ~/Desktop/git (master)
$ git commit -m "commit for file3"
[master 273e21a] commit for file3
 1 file changed, 2 insertions(+)
 create mode 100644 file3

Hello@DESKTOP-L7J6R2C MINGW64 ~/Desktop/git (master)
$ git status
On branch master
nothing to commit, working tree clean

Hello@DESKTOP-L7J6R2C MINGW64 ~/Desktop/git (master)
$ git push origin master
Enumerating objects: 4, done.
Counting objects: 100% (4/4), done.
Delta compression using up to 4 threads
Compressing objects: 100% (3/3), done.
Writing objects: 100% (3/3), 409 bytes | 409.00 KiB/s, done.
Total 3 (delta 0), reused 0 (delta 0), pack-reused 0
To https://github.com/kirankumarb123/git_public.git
   3abdeca..273e21a  master -> master

Hello@DESKTOP-L7J6R2C MINGW64 ~/Desktop/git (master)
$ cat > file1
Adding another line to the file1

Hello@DESKTOP-L7J6R2C MINGW64 ~/Desktop/git (master)
$ cat file1
Adding another line to the file1

Hello@DESKTOP-L7J6R2C MINGW64 ~/Desktop/git (master)
$ echo file2
file2

Hello@DESKTOP-L7J6R2C MINGW64 ~/Desktop/git (master)
$ cat file2
Hi this is my second file and first commit

Hello@DESKTOP-L7J6R2C MINGW64 ~/Desktop/git (master)
$ cat >>file2
 git push origin master
Enumerating objects: 4, done.
Counting objects: 100% (4/4), done.
Delta compression using up to 4 threads
Compressing objects: 100% (3/3), done.
Writing objects: 100% (3/3), 409 bytes | 409.00 KiB/s, done.
Total 3 (delta 0), reused 0 (delta 0), pack-reused 0
To https://github.com/kirankumarb123/git_public.git
   3abdeca..273e21a  master -> master

Hello@DESKTOP-L7J6R2C MINGW64 ~/Desktop/git (master)
$ cat file2
Hi this is my second file and first commit
 git push origin master
Enumerating objects: 4, done.
Counting objects: 100% (4/4), done.
Delta compression using up to 4 threads
Compressing objects: 100% (3/3), done.
Writing objects: 100% (3/3), 409 bytes | 409.00 KiB/s, done.
Total 3 (delta 0), reused 0 (delta 0), pack-reused 0
To https://github.com/kirankumarb123/git_public.git
   3abdeca..273e21a  master -> master

Hello@DESKTOP-L7J6R2C MINGW64 ~/Desktop/git (master)
$ cat >>file3
